// Jest Snapshot v1, https://goo.gl/fbAQLP

exports[`TodoInput renders successfully 1`] = `
<Provider
  store={
    Object {
      "dispatch": [Function],
      "getState": [Function],
      "replaceReducer": [Function],
      "subscribe": [Function],
      Symbol(observable): [Function],
    }
  }
>
  <TodoInput>
    <div
      className="todo-input"
    >
      <input
        className="todo-text-input"
        onKeyDown={[Function]}
        placeholder="Write Todo Text..."
        type="text"
      />
      <button
        onClick={[Function]}
      >
        Add
      </button>
    </div>
  </TodoInput>
</Provider>
`;
