// Jest Snapshot v1, https://goo.gl/fbAQLP

exports[`TodoApp renders successfully 1`] = `
<Provider
  store={
    Object {
      "dispatch": [Function],
      "getState": [Function],
      "replaceReducer": [Function],
      "subscribe": [Function],
      Symbol(observable): [Function],
    }
  }
>
  <_default>
    <div
      className="todo-app"
    >
      <h1>
        React/Redux/Hooks Todo App
      </h1>
      <TodoInput>
        <div
          className="todo-input"
        >
          <TextInput>
            <input
              className="todo-text-input"
              onKeyDown={[Function]}
              placeholder="Write Todo Text..."
              type="text"
            />
          </TextInput>
          <AddButton>
            <button
              onClick={[Function]}
            >
              Add
            </button>
          </AddButton>
        </div>
      </TodoInput>
      <Component>
        <p
          className="no-todos-msg"
        >
          No Todos Found
        </p>
      </Component>
      <TodoFilters>
        <div>
          <AllFilterButton
            setFilter={[Function]}
          >
            <button
              className="filter-button filter-button-all filter-button-selected"
              onClick={[Function]}
            >
              All
            </button>
          </AllFilterButton>
          <TodoFilterButton
            setFilter={[Function]}
          >
            <button
              className="filter-button filter-button-todo"
              onClick={[Function]}
            >
              To Do
            </button>
          </TodoFilterButton>
          <DoneFilterButton
            setFilter={[Function]}
          >
            <button
              className="filter-button filter-button-done"
              onClick={[Function]}
            >
              Done
            </button>
          </DoneFilterButton>
        </div>
      </TodoFilters>
    </div>
  </_default>
</Provider>
`;
