// Jest Snapshot v1, https://goo.gl/fbAQLP

exports[`AllFilterButton renders filter button 1`] = `
<Provider
  store={
    Object {
      "dispatch": [Function],
      "getState": [Function],
      "replaceReducer": [Function],
      "subscribe": [Function],
      Symbol(observable): [Function],
    }
  }
>
  <AllFilterButton
    setFilter={[MockFunction]}
  >
    <button
      className="filter-button filter-button-all filter-button-selected"
      onClick={[Function]}
    >
      All
    </button>
  </AllFilterButton>
</Provider>
`;

exports[`AllFilterButton renders filter button being selected 1`] = `
<Provider
  store={
    Object {
      "dispatch": [Function],
      "getState": [Function],
      "replaceReducer": [Function],
      "subscribe": [Function],
      Symbol(observable): [Function],
    }
  }
>
  <AllFilterButton
    setFilter={[MockFunction]}
  >
    <button
      className="filter-button filter-button-all filter-button-selected"
      onClick={[Function]}
    >
      All
    </button>
  </AllFilterButton>
</Provider>
`;
